I'm sorry, but errors were detected in your script. Please correct the
errors listed below, and try again.


File "game/script.rpy", line 8: end of line expected.
    show c catp at top right
                       ^

Ren'Py Version: Ren'Py 7.4.10.2178
Tue May 30 18:11:31 2023
